2025-05-07 08:15:37.847 | INFO     | __main__:<module>:28 -  [ AAPL ] IB client instantiated
2025-05-07 08:15:37.852 | INFO     | __main__:<module>:40 -  [ AAPL ] Starting ib client thread
2025-05-07 08:15:37.856 | INFO     | ib_client:nextValidId:30 - [IB] Next valid order ID: 56
2025-05-07 08:15:37.897 | ERROR    | ib_client:error:37 -  --- ReqId: -1 --- 
2025-05-07 08:15:37.897 | ERROR    | ib_client:error:38 - ErrorCode: 2104, ErrorString: Market data farm connection is OK:usfarm.nj
2025-05-07 08:15:37.897 | ERROR    | ib_client:error:39 - ErrorString: Market data farm connection is OK:usfarm.nj
2025-05-07 08:15:37.897 | ERROR    | ib_client:error:40 - Order Reject:  
2025-05-07 08:15:37.897 | ERROR    | ib_client:error:37 -  --- ReqId: -1 --- 
2025-05-07 08:15:37.897 | ERROR    | ib_client:error:38 - ErrorCode: 2104, ErrorString: Market data farm connection is OK:cashfarm
2025-05-07 08:15:37.897 | ERROR    | ib_client:error:39 - ErrorString: Market data farm connection is OK:cashfarm
2025-05-07 08:15:37.898 | ERROR    | ib_client:error:40 - Order Reject:  
2025-05-07 08:15:37.898 | ERROR    | ib_client:error:37 -  --- ReqId: -1 --- 
2025-05-07 08:15:37.898 | ERROR    | ib_client:error:38 - ErrorCode: 2104, ErrorString: Market data farm connection is OK:usfarm
2025-05-07 08:15:37.898 | ERROR    | ib_client:error:39 - ErrorString: Market data farm connection is OK:usfarm
2025-05-07 08:15:37.898 | ERROR    | ib_client:error:40 - Order Reject:  
2025-05-07 08:15:37.898 | ERROR    | ib_client:error:37 -  --- ReqId: -1 --- 
2025-05-07 08:15:37.898 | ERROR    | ib_client:error:38 - ErrorCode: 2106, ErrorString: HMDS data farm connection is OK:euhmds
2025-05-07 08:15:37.898 | ERROR    | ib_client:error:39 - ErrorString: HMDS data farm connection is OK:euhmds
2025-05-07 08:15:37.898 | ERROR    | ib_client:error:40 - Order Reject:  
2025-05-07 08:15:37.898 | ERROR    | ib_client:error:37 -  --- ReqId: -1 --- 
2025-05-07 08:15:37.898 | ERROR    | ib_client:error:38 - ErrorCode: 2106, ErrorString: HMDS data farm connection is OK:cashhmds
2025-05-07 08:15:37.898 | ERROR    | ib_client:error:39 - ErrorString: HMDS data farm connection is OK:cashhmds
2025-05-07 08:15:37.898 | ERROR    | ib_client:error:40 - Order Reject:  
2025-05-07 08:15:37.898 | ERROR    | ib_client:error:37 -  --- ReqId: -1 --- 
2025-05-07 08:15:37.898 | ERROR    | ib_client:error:38 - ErrorCode: 2106, ErrorString: HMDS data farm connection is OK:fundfarm
2025-05-07 08:15:37.898 | ERROR    | ib_client:error:39 - ErrorString: HMDS data farm connection is OK:fundfarm
2025-05-07 08:15:37.898 | ERROR    | ib_client:error:40 - Order Reject:  
2025-05-07 08:15:37.898 | ERROR    | ib_client:error:37 -  --- ReqId: -1 --- 
2025-05-07 08:15:37.898 | ERROR    | ib_client:error:38 - ErrorCode: 2106, ErrorString: HMDS data farm connection is OK:ushmds
2025-05-07 08:15:37.898 | ERROR    | ib_client:error:39 - ErrorString: HMDS data farm connection is OK:ushmds
2025-05-07 08:15:37.898 | ERROR    | ib_client:error:40 - Order Reject:  
2025-05-07 08:15:37.899 | ERROR    | ib_client:error:37 -  --- ReqId: -1 --- 
2025-05-07 08:15:37.899 | ERROR    | ib_client:error:38 - ErrorCode: 2158, ErrorString: Sec-def data farm connection is OK:secdefnj
2025-05-07 08:15:37.899 | ERROR    | ib_client:error:39 - ErrorString: Sec-def data farm connection is OK:secdefnj
2025-05-07 08:15:37.899 | ERROR    | ib_client:error:40 - Order Reject:  
2025-05-07 08:15:37.953 | INFO     | __main__:<module>:53 -  [ AAPL ] Starting algo ...
2025-05-07 08:15:40.694 | INFO     | ib_client:orderStatus:68 - {'orderId': 58, 'status': 'Submitted', 'filled': Decimal('0'), 'remaining': Decimal('10'), 'avgFillPrice': 0.0}
